28 62 Map 6
WWWWWWWWWWWWWWWWWWWWWWWWWWWWWWWWWWWWWWWWWWWWWWWWWWWWWWWWWWWWWW
W============================================================W
W============================================================W
W============================================================W
W============================================================W
W============================================================W
W============================================================W
W============================================================W
W============================================================W
W============================================================W
W============================================================W
W============================================================W
W============================================================W
W============================================================W
W============================S===============================W
W============================================================W
W============================================================W
W============================================================W
W============================================================W
W============================================================W
W============================================================W
W============================================================W
W============================================================W
W============================================================W
W============================================================W
W=E==========================================================W
W============================================================W
WWWWWWWWWWWWWWWWWWWWWWWWWWWWWWWWWWWWWWWWWWWWWWWWWWWWWWWWWWWWWW